// Jest Snapshot v1, https://goo.gl/fbAQLP

exports[`Testing <CityMap/> <CityMap/> have rendered correctly show data 1`] = `
<section
  className="cities__map map"
/>
`;
