// Jest Snapshot v1, https://goo.gl/fbAQLP

exports[`WithOffersSorting snapshot WithOffersSorting render correctly 1`] = `<div />`;
